node.exe : 
[1m[33m[33mΓû▓ [43;33m[
[43;30mWARNING[43;33m][0
m [1mNG8113: 
RouterLinkActive is not 
used within the template 
of DashboardLayoutComponent
[0m [1m[35m[plugin 
angular-compiler][0m
At line:1 char:1
+ & "C:\nodejs/node.exe" "C
:\nodejs/node_modules/npm/b
in/npx-cli.js" ng ...
+ ~~~~~~~~~~~~~~~~~~~~~~~~~
~~~~~~~~~~~~~~~~~~~~~~~~~~~
~~~~~~~~~~~~~~~~~
    + CategoryInfo         
     : NotSpecified    : 
([1m[33m[33mΓ.    
..r-compiler][0m:S    
tring) [], RemoteEx    
ception
    + FullyQualifiedErr    
orId : NativeComman    
dError
 

    src/app/core/layouts/da
shboard-layout/dashboard-la
yout.ts:31:38:
[37m      31 Γöé 
...mmonModule, RouterLink, 
[32mRouterLinkActive[37m,
 RouterOutlet, LucideA...
         Γò╡               
             
[32m~~~~~~~~~~~~~~~~[0m


[33mΓû▓ [43;33m[[43;30mW
ARNING[43;33m][0m 
[1mbundle initial 
exceeded maximum budget. 
Budget 500.00 kB was not 
met by 83.78 kB with a 
total of 583.78 kB.[0m

[39m[22m
